Archive member included to satisfy reference by file (symbol)

C:/ST/STM32CubeIDE_1.15.1/STM32CubeIDE/plugins/com.st.stm32cube.ide.mcu.externaltools.gnu-tools-for-stm32.12.3.rel1.win32_1.0.100.202403111256/tools/bin/../lib/gcc/arm-none-eabi/12.3.1/../../../../arm-none-eabi/lib/thumb/v8-m.main+fp/hard\libc_nano.a(libc_a-exit.o)
                              C:/ST/STM32CubeIDE_1.15.1/STM32CubeIDE/plugins/com.st.stm32cube.ide.mcu.externaltools.gnu-tools-for-stm32.12.3.rel1.win32_1.0.100.202403111256/tools/bin/../lib/gcc/arm-none-eabi/12.3.1/../../../../arm-none-eabi/lib/thumb/v8-m.main+fp/hard/crt0.o (exit)
C:/ST/STM32CubeIDE_1.15.1/STM32CubeIDE/plugins/com.st.stm32cube.ide.mcu.externaltools.gnu-tools-for-stm32.12.3.rel1.win32_1.0.100.202403111256/tools/bin/../lib/gcc/arm-none-eabi/12.3.1/../../../../arm-none-eabi/lib/thumb/v8-m.main+fp/hard\libc_nano.a(libc_a-findfp.o)
                              C:/ST/STM32CubeIDE_1.15.1/STM32CubeIDE/plugins/com.st.stm32cube.ide.mcu.externaltools.gnu-tools-for-stm32.12.3.rel1.win32_1.0.100.202403111256/tools/bin/../lib/gcc/arm-none-eabi/12.3.1/../../../../arm-none-eabi/lib/thumb/v8-m.main+fp/hard\libc_nano.a(libc_a-exit.o) (__stdio_exit_handler)
C:/ST/STM32CubeIDE_1.15.1/STM32CubeIDE/plugins/com.st.stm32cube.ide.mcu.externaltools.gnu-tools-for-stm32.12.3.rel1.win32_1.0.100.202403111256/tools/bin/../lib/gcc/arm-none-eabi/12.3.1/../../../../arm-none-eabi/lib/thumb/v8-m.main+fp/hard\libc_nano.a(libc_a-fwalk.o)
                              C:/ST/STM32CubeIDE_1.15.1/STM32CubeIDE/plugins/com.st.stm32cube.ide.mcu.externaltools.gnu-tools-for-stm32.12.3.rel1.win32_1.0.100.202403111256/tools/bin/../lib/gcc/arm-none-eabi/12.3.1/../../../../arm-none-eabi/lib/thumb/v8-m.main+fp/hard\libc_nano.a(libc_a-findfp.o) (_fwalk_sglue)
C:/ST/STM32CubeIDE_1.15.1/STM32CubeIDE/plugins/com.st.stm32cube.ide.mcu.externaltools.gnu-tools-for-stm32.12.3.rel1.win32_1.0.100.202403111256/tools/bin/../lib/gcc/arm-none-eabi/12.3.1/../../../../arm-none-eabi/lib/thumb/v8-m.main+fp/hard\libc_nano.a(libc_a-stdio.o)
                              C:/ST/STM32CubeIDE_1.15.1/STM32CubeIDE/plugins/com.st.stm32cube.ide.mcu.externaltools.gnu-tools-for-stm32.12.3.rel1.win32_1.0.100.202403111256/tools/bin/../lib/gcc/arm-none-eabi/12.3.1/../../../../arm-none-eabi/lib/thumb/v8-m.main+fp/hard\libc_nano.a(libc_a-findfp.o) (__sread)
C:/ST/STM32CubeIDE_1.15.1/STM32CubeIDE/plugins/com.st.stm32cube.ide.mcu.externaltools.gnu-tools-for-stm32.12.3.rel1.win32_1.0.100.202403111256/tools/bin/../lib/gcc/arm-none-eabi/12.3.1/../../../../arm-none-eabi/lib/thumb/v8-m.main+fp/hard\libc_nano.a(libc_a-memset.o)
                              C:/ST/STM32CubeIDE_1.15.1/STM32CubeIDE/plugins/com.st.stm32cube.ide.mcu.externaltools.gnu-tools-for-stm32.12.3.rel1.win32_1.0.100.202403111256/tools/bin/../lib/gcc/arm-none-eabi/12.3.1/../../../../arm-none-eabi/lib/thumb/v8-m.main+fp/hard/crt0.o (memset)
C:/ST/STM32CubeIDE_1.15.1/STM32CubeIDE/plugins/com.st.stm32cube.ide.mcu.externaltools.gnu-tools-for-stm32.12.3.rel1.win32_1.0.100.202403111256/tools/bin/../lib/gcc/arm-none-eabi/12.3.1/../../../../arm-none-eabi/lib/thumb/v8-m.main+fp/hard\libc_nano.a(libc_a-closer.o)
                              C:/ST/STM32CubeIDE_1.15.1/STM32CubeIDE/plugins/com.st.stm32cube.ide.mcu.externaltools.gnu-tools-for-stm32.12.3.rel1.win32_1.0.100.202403111256/tools/bin/../lib/gcc/arm-none-eabi/12.3.1/../../../../arm-none-eabi/lib/thumb/v8-m.main+fp/hard\libc_nano.a(libc_a-stdio.o) (_close_r)
C:/ST/STM32CubeIDE_1.15.1/STM32CubeIDE/plugins/com.st.stm32cube.ide.mcu.externaltools.gnu-tools-for-stm32.12.3.rel1.win32_1.0.100.202403111256/tools/bin/../lib/gcc/arm-none-eabi/12.3.1/../../../../arm-none-eabi/lib/thumb/v8-m.main+fp/hard\libc_nano.a(libc_a-reent.o)
                              C:/ST/STM32CubeIDE_1.15.1/STM32CubeIDE/plugins/com.st.stm32cube.ide.mcu.externaltools.gnu-tools-for-stm32.12.3.rel1.win32_1.0.100.202403111256/tools/bin/../lib/gcc/arm-none-eabi/12.3.1/../../../../arm-none-eabi/lib/thumb/v8-m.main+fp/hard\libc_nano.a(libc_a-closer.o) (errno)
C:/ST/STM32CubeIDE_1.15.1/STM32CubeIDE/plugins/com.st.stm32cube.ide.mcu.externaltools.gnu-tools-for-stm32.12.3.rel1.win32_1.0.100.202403111256/tools/bin/../lib/gcc/arm-none-eabi/12.3.1/../../../../arm-none-eabi/lib/thumb/v8-m.main+fp/hard\libc_nano.a(libc_a-impure.o)
                              C:/ST/STM32CubeIDE_1.15.1/STM32CubeIDE/plugins/com.st.stm32cube.ide.mcu.externaltools.gnu-tools-for-stm32.12.3.rel1.win32_1.0.100.202403111256/tools/bin/../lib/gcc/arm-none-eabi/12.3.1/../../../../arm-none-eabi/lib/thumb/v8-m.main+fp/hard\libc_nano.a(libc_a-reent.o) (_impure_ptr)
C:/ST/STM32CubeIDE_1.15.1/STM32CubeIDE/plugins/com.st.stm32cube.ide.mcu.externaltools.gnu-tools-for-stm32.12.3.rel1.win32_1.0.100.202403111256/tools/bin/../lib/gcc/arm-none-eabi/12.3.1/../../../../arm-none-eabi/lib/thumb/v8-m.main+fp/hard\libc_nano.a(libc_a-lseekr.o)
[...]
Memory Configuration

Name             Origin             Length             Attributes
RAM              0x20000000         0x00008000         xrw
FLASH            0x08000000         0x00020000         xr
*default*        0x00000000         0xffffffff

Linker script and memory map

LOAD C:/ST/STM32CubeIDE_1.15.1/STM32CubeIDE/plugins/com.st.stm32cube.ide.mcu.externaltools.gnu-tools-for-stm32.12.3.rel1.win32_1.0.100.202403111256/tools/bin/../lib/gcc/arm-none-eabi/12.3.1/thumb/v8-m.main+fp/hard/crti.o
LOAD C:/ST/STM32CubeIDE_1.15.1/STM32CubeIDE/plugins/com.st.stm32cube.ide.mcu.externaltools.gnu-tools-for-stm32.12.3.rel1.win32_1.0.100.202403111256/tools/bin/../lib/gcc/arm-none-eabi/12.3.1/thumb/v8-m.main+fp/hard/crtbegin.o
LOAD C:/ST/STM32CubeIDE_1.15.1/STM32CubeIDE/plugins/com.st.stm32cube.ide.mcu.externaltools.gnu-tools-for-stm32.12.3.rel1.win32_1.0.100.202403111256/tools/bin/../lib/gcc/arm-none-eabi/12.3.1/../../../../arm-none-eabi/lib/thumb/v8-m.main+fp/hard/crt0.o
LOAD ./Core/Src/main.o
LOAD ./Core/Src/stm32h5xx_hal_msp.o
LOAD ./Core/Src/stm32h5xx_it.o
LOAD ./Core/Src/syscalls.o
LOAD ./Core/Src/sysmem.o
LOAD ./Core/Src/system_stm32h5xx.o
LOAD ./Core/Startup/startup_stm32h503cbtx.o
LOAD ./Core/pid_lib/PID.o
LOAD ./Drivers/STM32H5xx_HAL_Driver/Src/stm32h5xx_hal.o
LOAD ./Drivers/STM32H5xx_HAL_Driver/Src/stm32h5xx_hal_adc.o
LOAD ./Drivers/STM32H5xx_HAL_Driver/Src/stm32h5xx_hal_adc_ex.o
LOAD ./Drivers/STM32H5xx_HAL_Driver/Src/stm32h5xx_hal_cortex.o
LOAD ./Drivers/STM32H5xx_HAL_Driver/Src/stm32h5xx_hal_dac.o
LOAD ./Drivers/STM32H5xx_HAL_Driver/Src/stm32h5xx_hal_dac_ex.o
LOAD ./Drivers/STM32H5xx_HAL_Driver/Src/stm32h5xx_hal_dma.o
LOAD ./Drivers/STM32H5xx_HAL_Driver/Src/stm32h5xx_hal_dma_ex.o
LOAD ./Drivers/STM32H5xx_HAL_Driver/Src/stm32h5xx_hal_exti.o
LOAD ./Drivers/STM32H5xx_HAL_Driver/Src/stm32h5xx_hal_flash.o
LOAD ./Drivers/STM32H5xx_HAL_Driver/Src/stm32h5xx_hal_flash_ex.o
LOAD ./Drivers/STM32H5xx_HAL_Driver/Src/stm32h5xx_hal_gpio.o
LOAD ./Drivers/STM32H5xx_HAL_Driver/Src/stm32h5xx_hal_icache.o
LOAD ./Drivers/STM32H5xx_HAL_Driver/Src/stm32h5xx_hal_pwr.o
LOAD ./Drivers/STM32H5xx_HAL_Driver/Src/stm32h5xx_hal_pwr_ex.o
LOAD ./Drivers/STM32H5xx_HAL_Driver/Src/stm32h5xx_hal_rcc.o
LOAD ./Drivers/STM32H5xx_HAL_Driver/Src/stm32h5xx_hal_rcc_ex.o
LOAD ./Drivers/STM32H5xx_HAL_Driver/Src/stm32h5xx_hal_spi.o
LOAD ./Drivers/STM32H5xx_HAL_Driver/Src/stm32h5xx_hal_spi_ex.o
LOAD ./Drivers/STM32H5xx_HAL_Driver/Src/stm32h5xx_hal_tim.o
LOAD ./Drivers/STM32H5xx_HAL_Driver/Src/stm32h5xx_hal_tim_ex.o
START GROUP
LOAD C:/ST/STM32CubeIDE_1.15.1/STM32CubeIDE/plugins/com.st.stm32cube.ide.mcu.externaltools.gnu-tools-for-stm32.12.3.rel1.win32_1.0.100.202403111256/tools/bin/../lib/gcc/arm-none-eabi/12.3.1/../../../../arm-none-eabi/lib/thumb/v8-m.main+fp/hard\libc_nano.a
LOAD C:/ST/STM32CubeIDE_1.15.1/STM32CubeIDE/plugins/com.st.stm32cube.ide.mcu.externaltools.gnu-tools-for-stm32.12.3.rel1.win32_1.0.100.202403111256/tools/bin/../lib/gcc/arm-none-eabi/12.3.1/../../../../arm-none-eabi/lib/thumb/v8-m.main+fp/hard\libm.a
END GROUP
START GROUP
LOAD C:/ST/STM32CubeIDE_1.15.1/STM32CubeIDE/plugins/com.st.stm32cube.ide.mcu.externaltools.gnu-tools-for-stm32.12.3.rel1.win32_1.0.100.202403111256/tools/bin/../lib/gcc/arm-none-eabi/12.3.1/thumb/v8-m.main+fp/hard\libgcc.a
LOAD C:/ST/STM32CubeIDE_1.15.1/STM32CubeIDE/plugins/com.st.stm32cube.ide.mcu.externaltools.gnu-tools-for-stm32.12.3.rel1.win32_1.0.100.202403111256/tools/bin/../lib/gcc/arm-none-eabi/12.3.1/../../../../arm-none-eabi/lib/thumb/v8-m.main+fp/hard\libc_nano.a
END GROUP
START GROUP
LOAD C:/ST/STM32CubeIDE_1.15.1/STM32CubeIDE/plugins/com.st.stm32cube.ide.mcu.externaltools.gnu-tools-for-stm32.12.3.rel1.win32_1.0.100.202403111256/tools/bin/../lib/gcc/arm-none-eabi/12.3.1/thumb/v8-m.main+fp/hard\libgcc.a
LOAD C:/ST/STM32CubeIDE_1.15.1/STM32CubeIDE/plugins/com.st.stm32cube.ide.mcu.externaltools.gnu-tools-for-stm32.12.3.rel1.win32_1.0.100.202403111256/tools/bin/../lib/gcc/arm-none-eabi/12.3.1/../../../../arm-none-eabi/lib/thumb/v8-m.main+fp/hard\libc_nano.a
LOAD C:/ST/STM32CubeIDE_1.15.1/STM32CubeIDE/plugins/com.st.stm32cube.ide.mcu.externaltools.gnu-tools-for-stm32.12.3.rel1.win32_1.0.100.202403111256/tools/bin/../lib/gcc/arm-none-eabi/12.3.1/../../../../arm-none-eabi/lib/thumb/v8-m.main+fp/hard\libnosys.a
END GROUP
START GROUP
LOAD C:/ST/STM32CubeIDE_1.15.1/STM32CubeIDE/plugins/com.st.stm32cube.ide.mcu.externaltools.gnu-tools-for-stm32.12.3.rel1.win32_1.0.100.202403111256/tools/bin/../lib/gcc/arm-none-eabi/12.3.1/thumb/v8-m.main+fp/hard\libgcc.a
LOAD C:/ST/STM32CubeIDE_1.15.1/STM32CubeIDE/plugins/com.st.stm32cube.ide.mcu.externaltools.gnu-tools-for-stm32.12.3.rel1.win32_1.0.100.202403111256/tools/bin/../lib/gcc/arm-none-eabi/12.3.1/../../../../arm-none-eabi/lib/thumb/v8-m.main+fp/hard\libc_nano.a
LOAD C:/ST/STM32CubeIDE_1.15.1/STM32CubeIDE/plugins/com.st.stm32cube.ide.mcu.externaltools.gnu-tools-for-stm32.12.3.rel1.win32_1.0.100.202403111256/tools/bin/../lib/gcc/arm-none-eabi/12.3.1/../../../../arm-none-eabi/lib/thumb/v8-m.main+fp/hard\libnosys.a
END GROUP
LOAD C:/ST/STM32CubeIDE_1.15.1/STM32CubeIDE/plugins/com.st.stm32cube.ide.mcu.externaltools.gnu-tools-for-stm32.12.3.rel1.win32_1.0.100.202403111256/tools/bin/../lib/gcc/arm-none-eabi/12.3.1/thumb/v8-m.main+fp/hard/crtend.o
LOAD C:/ST/STM32CubeIDE_1.15.1/STM32CubeIDE/plugins/com.st.stm32cube.ide.mcu.externaltools.gnu-tools-for-stm32.12.3.rel1.win32_1.0.100.202403111256/tools/bin/../lib/gcc/arm-none-eabi/12.3.1/thumb/v8-m.main+fp/hard/crtn.o
                0x20008000                        _estack = (ORIGIN (RAM) + LENGTH (RAM))
                0x00000200                        _Min_Heap_Size = 0x200
                0x00000400                        _Min_Stack_Size = 0x400

.isr_vector     0x08000000      0x258
                0x08000000                        . = ALIGN (0x4)
 *(.isr_vector)
 .isr_vector    0x08000000      0x258 ./Core/Startup/startup_stm32h503cbtx.o
                0x08000000                g_pfnVectors
                0x08000258                        . = ALIGN (0x4)

.text           0x08000258     0x5a08
                0x08000258                        . = ALIGN (0x4)
 *(.text)
 .text          0x08000258       0x40 C:/ST/STM32CubeIDE_1.15.1/STM32CubeIDE/plugins/com.st.stm32cube.ide.mcu.externaltools.gnu-tools-for-stm32.12.3.rel1.win32_1.0.100.202403111256/tools/bin/../lib/gcc/arm-none-eabi/12.3.1/thumb/v8-m.main+fp/hard/crtbegin.o
 .text          0x08000298      0x378 C:/ST/STM32CubeIDE_1.15.1/STM32CubeIDE/plugins/com.st.stm32cube.ide.mcu.externaltools.gnu-tools-for-stm32.12.3.rel1.win32_1.0.100.202403111256/tools/bin/../lib/gcc/arm-none-eabi/12.3.1/thumb/v8-m.main+fp/hard\libgcc.a(_arm_addsubdf3.o)
                0x08000298                __aeabi_drsub
                0x080002a0                __aeabi_dsub
                0x080002a0                __subdf3
                0x080002a4                __aeabi_dadd
                0x080002a4                __adddf3
                0x0800051c                __floatunsidf
                0x0800051c                __aeabi_ui2d
                0x0800053c                __floatsidf
                0x0800053c                __aeabi_i2d
                0x08000560                __aeabi_f2d
                0x08000560                __extendsfdf2
                0x080005a4                __floatundidf
                0x080005a4                __aeabi_ul2d
                0x080005b4                __floatdidf
                0x080005b4                __aeabi_l2d
 .text          0x08000610      0x424 C:/ST/STM32CubeIDE_1.15.1/STM32CubeIDE/plugins/com.st.stm32cube.ide.mcu.externaltools.gnu-tools-for-stm32.12.3.rel1.win32_1.0.100.202403111256/tools/bin/../lib/gcc/arm-none-eabi/12.3.1/thumb/v8-m.main+fp/hard\libgcc.a(_arm_muldivdf3.o)
                0x08000610                __aeabi_dmul
                0x08000610                __muldf3
                0x08000864                __divdf3
                0x08000864                __aeabi_ddiv
 .text          0x08000a34       0x40 C:/ST/STM32CubeIDE_1.15.1/STM32CubeIDE/plugins/com.st.stm32cube.ide.mcu.externaltools.gnu-tools-for-stm32.12.3.rel1.win32_1.0.100.202403111256/tools/bin/../lib/gcc/arm-none-eabi/12.3.1/thumb/v8-m.main+fp/hard\libgcc.a(_arm_fixunsdfsi.o)
                0x08000a34                __aeabi_d2uiz
                0x08000a34                __fixunsdfsi
 .text          0x08000a74       0xa0 C:/ST/STM32CubeIDE_1.15.1/STM32CubeIDE/plugins/com.st.stm32cube.ide.mcu.externaltools.gnu-tools-for-stm32.12.3.rel1.win32_1.0.100.202403111256/tools/bin/../lib/gcc/arm-none-eabi/12.3.1/thumb/v8-m.main+fp/hard\libgcc.a(_arm_truncdfsf2.o)
                0x08000a74                __truncdfsf2
                0x08000a74                __aeabi_d2f
 *(.text*)
 *fill*         0x08000b14        0x4 
 .text.AD7683_Read
                0x08000b18       0x74 ./Core/Src/main.o
                0x08000b18                AD7683_Read
 *fill*         0x08000b8c        0x4 
 .text.ADC_Read
                0x08000b90       0x8c ./Core/Src/main.o
                0x08000b90                ADC_Read
 *fill*         0x08000c1c        0x4 
 .text.DAC_Write
                0x08000c20       0x70 ./Core/Src/main.o
                0x08000c20                DAC_Write
 .text.main     0x08000c90      0x114 ./Core/Src/main.o
                0x08000c90                main
 .text.SystemClock_Config
                0x08000da4       0xe0 ./Core/Src/main.o
                0x08000da4                SystemClock_Config
 .text.MX_ADC1_Init
                0x08000e84       0xc8 ./Core/Src/main.o
 .text.MX_DAC1_Init
                0x08000f4c       0x70 ./Core/Src/main.o
 .text.MX_ICACHE_Init
                0x08000fbc       0x16 ./Core/Src/main.o
 *fill*         0x08000fd2        0x2 
 .text.MX_SPI1_Init
                0x08000fd4       0xb0 ./Core/Src/main.o
 .text.MX_GPIO_Init
                0x08001084       0xec ./Core/Src/main.o
 .text.Error_Handler
                0x08001170        0xc ./Core/Src/main.o
                0x08001170                Error_Handler
 .text.HAL_MspInit
                0x0800117c        0xe ./Core/Src/stm32h5xx_hal_msp.o
                0x0800117c                HAL_MspInit
 *fill*         0x0800118a        0x2 
 .text.HAL_ADC_MspInit
                0x0800118c       0xc4 ./Core/Src/stm32h5xx_hal_msp.o
                0x0800118c                HAL_ADC_MspInit
 .text.HAL_DAC_MspInit
                0x08001250       0xc0 ./Core/Src/stm32h5xx_hal_msp.o
                0x08001250                HAL_DAC_MspInit
 .text.HAL_SPI_MspInit
                0x08001310       0xd0 ./Core/Src/stm32h5xx_hal_msp.o
                0x08001310                HAL_SPI_MspInit
 .text.NMI_Handler
                0x080013e0        0x8 ./Core/Src/stm32h5xx_it.o
                0x080013e0                NMI_Handler
 .text.HardFault_Handler
                0x080013e8        0x8 ./Core/Src/stm32h5xx_it.o
                0x080013e8                HardFault_Handler
 .text.MemManage_Handler
                0x080013f0        0x8 ./Core/Src/stm32h5xx_it.o
                0x080013f0                MemManage_Handler
 .text.BusFault_Handler
                0x080013f8        0x8 ./Core/Src/stm32h5xx_it.o
                0x080013f8                BusFault_Handler
 .text.UsageFault_Handler
                0x08001400        0x8 ./Core/Src/stm32h5xx_it.o
                0x08001400                UsageFault_Handler
 .text.SVC_Handler
                0x08001408        0xe ./Core/Src/stm32h5xx_it.o
                0x08001408                SVC_Handler
 .text.DebugMon_Handler
                0x08001416        0xe ./Core/Src/stm32h5xx_it.o
                0x08001416                DebugMon_Handler
 .text.PendSV_Handler
                0x08001424        0xe ./Core/Src/stm32h5xx_it.o
                0x08001424                PendSV_Handler
 *fill*         0x08001432        0x2 
 .text.SysTick_Handler
                0x08001434       0x1c ./Core/Src/stm32h5xx_it.o
                0x08001434                SysTick_Handler
 .text.SystemInit
                0x08001450       0xe4 ./Core/Src/system_stm32h5xx.o
                0x08001450                SystemInit
 .text.Reset_Handler
                0x08001534       0x50 ./Core/Startup/startup_stm32h503cbtx.o
                0x08001534                Reset_Handler
 .text.Default_Handler
                0x08001584        0x2 ./Core/Startup/startup_stm32h503cbtx.o
                0x08001584                EXTI2_IRQHandler
                0x08001584                EXTI5_IRQHandler
                0x08001584                I3C1_ER_IRQHandler
                0x08001584                GPDMA2_Channel1_IRQHandler
                0x08001584                EXTI13_IRQHandler
                0x08001584                TIM1_CC_IRQHandler
                0x08001584                GPDMA2_Channel3_IRQHandler
                0x08001584                TAMP_IRQHandler
                0x08001584                TIM6_IRQHandler
                0x08001584                EXTI12_IRQHandler
                0x08001584                USB_DRD_FS_IRQHandler
                0x08001584                EXTI3_IRQHandler
                0x08001584                GPDMA1_Channel5_IRQHandler
                0x08001584                EXTI8_IRQHandler
                0x08001584                GPDMA2_Channel5_IRQHandler
                0x08001584                LPTIM2_IRQHandler
                0x08001584                GPDMA2_Channel2_IRQHandler
                0x08001584                EXTI0_IRQHandler
                0x08001584                I2C2_EV_IRQHandler
                0x08001584                FPU_IRQHandler
                0x08001584                GPDMA1_Channel3_IRQHandler
                0x08001584                GPDMA1_Channel7_IRQHandler
                0x08001584                FDCAN1_IT1_IRQHandler
                0x08001584                RAMCFG_IRQHandler
                0x08001584                SPI1_IRQHandler
                0x08001584                GPDMA1_Channel2_IRQHandler
                0x08001584                ADC1_IRQHandler
                0x08001584                I3C2_ER_IRQHandler
                0x08001584                EXTI15_IRQHandler
                0x08001584                USART3_IRQHandler
                0x08001584                RTC_IRQHandler
                0x08001584                EXTI9_IRQHandler
                0x08001584                I3C2_EV_IRQHandler
                0x08001584                I2C1_EV_IRQHandler
                0x08001584                GPDMA1_Channel1_IRQHandler
                0x08001584                TIM3_IRQHandler
                0x08001584                RCC_IRQHandler
                0x08001584                TIM1_TRG_COM_IRQHandler
                0x08001584                Default_Handler
                0x08001584                GPDMA2_Channel4_IRQHandler
                0x08001584                TIM7_IRQHandler
                0x08001584                GPDMA1_Channel0_IRQHandler
                0x08001584                I3C1_EV_IRQHandler
                0x08001584                PVD_AVD_IRQHandler
                0x08001584                SPI2_IRQHandler
                0x08001584                EXTI14_IRQHandler
                0x08001584                EXTI11_IRQHandler
                0x08001584                CRS_IRQHandler
                0x08001584                EXTI4_IRQHandler
                0x08001584                GPDMA2_Channel0_IRQHandler
                0x08001584                RNG_IRQHandler
                0x08001584                GPDMA2_Channel6_IRQHandler
                0x08001584                TIM1_UP_IRQHandler
                0x08001584                WWDG_IRQHandler
                0x08001584                IWDG_IRQHandler
                0x08001584                LPUART1_IRQHandler
                0x08001584                FDCAN1_IT0_IRQHandler
                0x08001584                TIM2_IRQHandler
                0x08001584                GPDMA1_Channel4_IRQHandler
                0x08001584                EXTI7_IRQHandler
                0x08001584                TIM1_BRK_IRQHandler
                0x08001584                EXTI1_IRQHandler
                0x08001584                DAC1_IRQHandler
                0x08001584                DTS_IRQHandler
                0x08001584                GTZC_IRQHandler
                0x08001584                USART2_IRQHandler
                0x08001584                GPDMA1_Channel6_IRQHandler
                0x08001584                GPDMA2_Channel7_IRQHandler
                0x08001584                I2C2_ER_IRQHandler
                0x08001584                FLASH_IRQHandler
                0x08001584                USART1_IRQHandler
                0x08001584                EXTI10_IRQHandler
                0x08001584                SPI3_IRQHandler
                0x08001584                I2C1_ER_IRQHandler
                0x08001584                EXTI6_IRQHandler
                0x08001584                COMP1_IRQHandler
                0x08001584                LPTIM1_IRQHandler
                0x08001584                ICACHE_IRQHandler
                0x08001584                HASH_IRQHandler
 .text.PIDController_Init
                0x08001586       0x3c ./Core/pid_lib/PID.o
                0x08001586                PIDController_Init
 *fill*         0x080015c2        0x2 
 .text.PIDController_Update
                0x080015c4      0x190 ./Core/pid_lib/PID.o
                0x080015c4                PIDController_Update
 .text.HAL_Init
                0x08001754       0x50 ./Drivers/STM32H5xx_HAL_Driver/Src/stm32h5xx_hal.o
                0x08001754                HAL_Init
 .text.HAL_InitTick
                0x080017a4       0xec ./Drivers/STM32H5xx_HAL_Driver/Src/stm32h5xx_hal.o
                0x080017a4                HAL_InitTick
 .text.HAL_IncTick
                0x08001890       0x28 ./Drivers/STM32H5xx_HAL_Driver/Src/stm32h5xx_hal.o
                0x08001890                HAL_IncTick
 .text.HAL_GetTick
                0x080018b8       0x18 ./Drivers/STM32H5xx_HAL_Driver/Src/stm32h5xx_hal.o
                0x080018b8                HAL_GetTick
 .text.LL_ADC_SetCommonClock
                0x080018d0       0x26 ./Drivers/STM32H5xx_HAL_Driver/Src/stm32h5xx_hal_adc.o
 .text.LL_ADC_SetCommonPathInternalCh
                0x080018f6       0x26 ./Drivers/STM32H5xx_HAL_Driver/Src/stm32h5xx_hal_adc.o
 .text.LL_ADC_GetCommonPathInternalCh
                0x0800191c       0x1c ./Drivers/STM32H5xx_HAL_Driver/Src/stm32h5xx_hal_adc.o
 .text.LL_ADC_EnableChannelVDDcore
                0x08001938       0x24 ./Drivers/STM32H5xx_HAL_Driver/Src/stm32h5xx_hal_adc.o
 .text.LL_ADC_EnableChannel0_GPIO
                0x0800195c       0x28 ./Drivers/STM32H5xx_HAL_Driver/Src/stm32h5xx_hal_adc.o
 .text.LL_ADC_SetOffset
                0x08001984       0x48 ./Drivers/STM32H5xx_HAL_Driver/Src/stm32h5xx_hal_adc.o
 .text.LL_ADC_GetOffsetChannel
                0x080019cc       0x2c ./Drivers/STM32H5xx_HAL_Driver/Src/stm32h5xx_hal_adc.o
 .text.LL_ADC_SetOffsetState
                0x080019f8       0x36 ./Drivers/STM32H5xx_HAL_Driver/Src/stm32h5xx_hal_adc.o
 .text.LL_ADC_SetOffsetSign
                0x08001a2e       0x36 ./Drivers/STM32H5xx_HAL_Driver/Src/stm32h5xx_hal_adc.o
 .text.LL_ADC_SetOffsetSaturation
                0x08001a64       0x36 ./Drivers/STM32H5xx_HAL_Driver/Src/stm32h5xx_hal_adc.o
 .text.LL_ADC_SetSamplingTimeCommonConfig
                0x08001a9a       0x26 ./Drivers/STM32H5xx_HAL_Driver/Src/stm32h5xx_hal_adc.o
 .text.LL_ADC_REG_IsTriggerSourceSWStart
                0x08001ac0       0x26 ./Drivers/STM32H5xx_HAL_Driver/Src/stm32h5xx_hal_adc.o
 .text.LL_ADC_REG_SetSequencerRanks
                0x08001ae6       0x58 ./Drivers/STM32H5xx_HAL_Driver/Src/stm32h5xx_hal_adc.o
 .text.LL_ADC_SetChannelSamplingTime
                0x08001b3e       0x56 ./Drivers/STM32H5xx_HAL_Driver/Src/stm32h5xx_hal_adc.o
 .text.LL_ADC_SetChannelSingleDiff
                0x08001b94       0x48 ./Drivers/STM32H5xx_HAL_Driver/Src/stm32h5xx_hal_adc.o
 .text.LL_ADC_DisableDeepPowerDown
                0x08001bdc       0x24 ./Drivers/STM32H5xx_HAL_Driver/Src/stm32h5xx_hal_adc.o
 .text.LL_ADC_IsDeepPowerDownEnabled
                0x08001c00       0x28 ./Drivers/STM32H5xx_HAL_Driver/Src/stm32h5xx_hal_adc.o
 .text.LL_ADC_EnableInternalRegulator
                0x08001c28       0x28 ./Drivers/STM32H5xx_HAL_Driver/Src/stm32h5xx_hal_adc.o
 .text.LL_ADC_IsInternalRegulatorEnabled
                0x08001c50       0x28 ./Drivers/STM32H5xx_HAL_Driver/Src/stm32h5xx_hal_adc.o
 .text.LL_ADC_Enable
                0x08001c78       0x28 ./Drivers/STM32H5xx_HAL_Driver/Src/stm32h5xx_hal_adc.o
 .text.LL_ADC_Disable
                0x08001ca0       0x28 ./Drivers/STM32H5xx_HAL_Driver/Src/stm32h5xx_hal_adc.o
 .text.LL_ADC_IsEnabled
                0x08001cc8       0x26 ./Drivers/STM32H5xx_HAL_Driver/Src/stm32h5xx_hal_adc.o
 .text.LL_ADC_IsDisableOngoing
                0x08001cee       0x26 ./Drivers/STM32H5xx_HAL_Driver/Src/stm32h5xx_hal_adc.o
 .text.LL_ADC_REG_StartConversion
                0x08001d14       0x28 ./Drivers/STM32H5xx_HAL_Driver/Src/stm32h5xx_hal_adc.o
 .text.LL_ADC_REG_StopConversion
                0x08001d3c       0x28 ./Drivers/STM32H5xx_HAL_Driver/Src/stm32h5xx_hal_adc.o
 .text.LL_ADC_REG_IsConversionOngoing
                0x08001d64       0x26 ./Drivers/STM32H5xx_HAL_Driver/Src/stm32h5xx_hal_adc.o
 .text.LL_ADC_INJ_StopConversion
                0x08001d8a       0x28 ./Drivers/STM32H5xx_HAL_Driver/Src/stm32h5xx_hal_adc.o
 .text.LL_ADC_INJ_IsConversionOngoing
                0x08001db2       0x26 ./Drivers/STM32H5xx_HAL_Driver/Src/stm32h5xx_hal_adc.o
 .text.HAL_ADC_Init
                0x08001dd8      0x29c ./Drivers/STM32H5xx_HAL_Driver/Src/stm32h5xx_hal_adc.o
                0x08001dd8                HAL_ADC_Init
 .text.HAL_ADC_Start
                0x08002074       0xc6 ./Drivers/STM32H5xx_HAL_Driver/Src/stm32h5xx_hal_adc.o
                0x08002074                HAL_ADC_Start
 .text.HAL_ADC_Stop
                0x0800213a       0x66 ./Drivers/STM32H5xx_HAL_Driver/Src/stm32h5xx_hal_adc.o
                0x0800213a                HAL_ADC_Stop
 .text.HAL_ADC_PollForConversion
                0x080021a0      0x11e ./Drivers/STM32H5xx_HAL_Driver/Src/stm32h5xx_hal_adc.o
                0x080021a0                HAL_ADC_PollForConversion
 .text.HAL_ADC_GetValue
                0x080022be       0x1a ./Drivers/STM32H5xx_HAL_Driver/Src/stm32h5xx_hal_adc.o
                0x080022be                HAL_ADC_GetValue
 .text.HAL_ADC_ConfigChannel
                0x080022d8      0x800 ./Drivers/STM32H5xx_HAL_Driver/Src/stm32h5xx_hal_adc.o
                0x080022d8                HAL_ADC_ConfigChannel
 .text.ADC_ConversionStop
                0x08002ad8      0x178 ./Drivers/STM32H5xx_HAL_Driver/Src/stm32h5xx_hal_adc.o
                0x08002ad8                ADC_ConversionStop
 .text.ADC_Enable
                0x08002c50      0x104 ./Drivers/STM32H5xx_HAL_Driver/Src/stm32h5xx_hal_adc.o
                0x08002c50                ADC_Enable
 .text.ADC_Disable
                0x08002d54       0xbe ./Drivers/STM32H5xx_HAL_Driver/Src/stm32h5xx_hal_adc.o
                0x08002d54                ADC_Disable
 *fill*         0x08002e12        0x2 
 .text.__NVIC_SetPriorityGrouping
                0x08002e14       0x48 ./Drivers/STM32H5xx_HAL_Driver/Src/stm32h5xx_hal_cortex.o
 .text.__NVIC_GetPriorityGrouping
                0x08002e5c       0x1c ./Drivers/STM32H5xx_HAL_Driver/Src/stm32h5xx_hal_cortex.o
 .text.__NVIC_SetPriority
                0x08002e78       0x54 ./Drivers/STM32H5xx_HAL_Driver/Src/stm32h5xx_hal_cortex.o
 .text.NVIC_EncodePriority
                0x08002ecc       0x66 ./Drivers/STM32H5xx_HAL_Driver/Src/stm32h5xx_hal_cortex.o
 .text.HAL_NVIC_SetPriorityGrouping
                0x08002f32       0x16 ./Drivers/STM32H5xx_HAL_Driver/Src/stm32h5xx_hal_cortex.o
                0x08002f32                HAL_NVIC_SetPriorityGrouping
 .text.HAL_NVIC_SetPriority
                0x08002f48       0x34 ./Drivers/STM32H5xx_HAL_Driver/Src/stm32h5xx_hal_cortex.o
                0x08002f48                HAL_NVIC_SetPriority
 .text.HAL_SYSTICK_Config
                0x08002f7c       0x44 ./Drivers/STM32H5xx_HAL_Driver/Src/stm32h5xx_hal_cortex.o
                0x08002f7c                HAL_SYSTICK_Config
 .text.HAL_SYSTICK_CLKSourceConfig
                0x08002fc0       0xb0 ./Drivers/STM32H5xx_HAL_Driver/Src/stm32h5xx_hal_cortex.o
                0x08002fc0                HAL_SYSTICK_CLKSourceConfig
 .text.HAL_SYSTICK_GetCLKSourceConfig
                0x08003070       0x6c ./Drivers/STM32H5xx_HAL_Driver/Src/stm32h5xx_hal_cortex.o
                0x08003070                HAL_SYSTICK_GetCLKSourceConfig
 .text.HAL_DAC_Init
                0x080030dc       0x44 ./Drivers/STM32H5xx_HAL_Driver/Src/stm32h5xx_hal_dac.o
                0x080030dc                HAL_DAC_Init
 .text.HAL_DAC_Start
                0x08003120       0xd8 ./Drivers/STM32H5xx_HAL_Driver/Src/stm32h5xx_hal_dac.o
                0x08003120                HAL_DAC_Start
 .text.HAL_DAC_SetValue
                0x080031f8       0x5a ./Drivers/STM32H5xx_HAL_Driver/Src/stm32h5xx_hal_dac.o
                0x080031f8                HAL_DAC_SetValue
 *fill*         0x08003252        0x2 
 .text.HAL_DAC_ConfigChannel
                0x08003254      0x36c ./Drivers/STM32H5xx_HAL_Driver/Src/stm32h5xx_hal_dac.o
                0x08003254                HAL_DAC_ConfigChannel
 .text.HAL_GPIO_Init
                0x080035c0      0x2a4 ./Drivers/STM32H5xx_HAL_Driver/Src/stm32h5xx_hal_gpio.o
                0x080035c0                HAL_GPIO_Init
 .text.HAL_GPIO_ReadPin
                0x08003864       0x30 ./Drivers/STM32H5xx_HAL_Driver/Src/stm32h5xx_hal_gpio.o
                0x08003864                HAL_GPIO_ReadPin
 .text.HAL_GPIO_WritePin
                0x08003894       0x30 ./Drivers/STM32H5xx_HAL_Driver/Src/stm32h5xx_hal_gpio.o
                0x08003894                HAL_GPIO_WritePin
 .text.HAL_ICACHE_Enable
                0x080038c4       0x20 ./Drivers/STM32H5xx_HAL_Driver/Src/stm32h5xx_hal_icache.o
                0x080038c4                HAL_ICACHE_Enable
 .text.HAL_RCC_OscConfig
                0x080038e4      0x870 ./Drivers/STM32H5xx_HAL_Driver/Src/stm32h5xx_hal_rcc.o
                0x080038e4                HAL_RCC_OscConfig
 .text.HAL_RCC_ClockConfig
                0x08004154      0x370 ./Drivers/STM32H5xx_HAL_Driver/Src/stm32h5xx_hal_rcc.o
                0x08004154                HAL_RCC_ClockConfig
 .text.HAL_RCC_GetSysClockFreq
                0x080044c4      0x258 ./Drivers/STM32H5xx_HAL_Driver/Src/stm32h5xx_hal_rcc.o
                0x080044c4                HAL_RCC_GetSysClockFreq
 .text.HAL_RCC_GetHCLKFreq
                0x0800471c       0x38 ./Drivers/STM32H5xx_HAL_Driver/Src/stm32h5xx_hal_rcc.o
                0x0800471c                HAL_RCC_GetHCLKFreq
 .text.HAL_RCCEx_PeriphCLKConfig
                0x08004754      0xc48 ./Drivers/STM32H5xx_HAL_Driver/Src/stm32h5xx_hal_rcc_ex.o
                0x08004754                HAL_RCCEx_PeriphCLKConfig
 .text.RCCEx_PLL2_Config
                0x0800539c      0x130 ./Drivers/STM32H5xx_HAL_Driver/Src/stm32h5xx_hal_rcc_ex.o
 .text.HAL_SPI_Init
                0x080054cc      0x1f8 ./Drivers/STM32H5xx_HAL_Driver/Src/stm32h5xx_hal_spi.o
                0x080054cc                HAL_SPI_Init
 .text.HAL_SPI_Receive
                0x080056c4      0x328 ./Drivers/STM32H5xx_HAL_Driver/Src/stm32h5xx_hal_spi.o
                0x080056c4                HAL_SPI_Receive
 .text.SPI_CloseTransfer
                0x080059ec      0x140 ./Drivers/STM32H5xx_HAL_Driver/Src/stm32h5xx_hal_spi.o
 .text.SPI_GetPacketSize
                0x08005b2c       0x36 ./Drivers/STM32H5xx_HAL_Driver/Src/stm32h5xx_hal_spi.o
 .text.memset   0x08005b62       0x10 C:/ST/STM32CubeIDE_1.15.1/STM32CubeIDE/plugins/com.st.stm32cube.ide.mcu.externaltools.gnu-tools-for-stm32.12.3.rel1.win32_1.0.100.202403111256/tools/bin/../lib/gcc/arm-none-eabi/12.3.1/../../../../arm-none-eabi/lib/thumb/v8-m.main+fp/hard\libc_nano.a(libc_a-memset.o)
                0x08005b62                memset
 *fill*         0x08005b72        0x2 
 .text.__libc_init_array
                0x08005b74       0x48 C:/ST/STM32CubeIDE_1.15.1/STM32CubeIDE/plugins/com.st.stm32cube.ide.mcu.externaltools.gnu-tools-for-stm32.12.3.rel1.win32_1.0.100.202403111256/tools/bin/../lib/gcc/arm-none-eabi/12.3.1/../../../../arm-none-eabi/lib/thumb/v8-m.main+fp/hard\libc_nano.a(libc_a-init.o)
                0x08005b74                __libc_init_array
 .text.round    0x08005bbc       0x8c C:/ST/STM32CubeIDE_1.15.1/STM32CubeIDE/plugins/com.st.stm32cube.ide.mcu.externaltools.gnu-tools-for-stm32.12.3.rel1.win32_1.0.100.202403111256/tools/bin/../lib/gcc/arm-none-eabi/12.3.1/../../../../arm-none-eabi/lib/thumb/v8-m.main+fp/hard\libm.a(libm_a-s_round.o)
                0x08005bbc                round
 *(.glue_7)
 .glue_7        0x08005c48        0x0 linker stubs
 *(.glue_7t)
 .glue_7t       0x08005c48        0x0 linker stubs
 *(.eh_frame)
 .eh_frame      0x08005c48        0x0 C:/ST/STM32CubeIDE_1.15.1/STM32CubeIDE/plugins/com.st.stm32cube.ide.mcu.externaltools.gnu-tools-for-stm32.12.3.rel1.win32_1.0.100.202403111256/tools/bin/../lib/gcc/arm-none-eabi/12.3.1/thumb/v8-m.main+fp/hard/crtbegin.o
 *(.init)
 .init          0x08005c48        0x4 C:/ST/STM32CubeIDE_1.15.1/STM32CubeIDE/plugins/com.st.stm32cube.ide.mcu.externaltools.gnu-tools-for-stm32.12.3.rel1.win32_1.0.100.202403111256/tools/bin/../lib/gcc/arm-none-eabi/12.3.1/thumb/v8-m.main+fp/hard/crti.o
                0x08005c48                _init
 .init          0x08005c4c        0x8 C:/ST/STM32CubeIDE_1.15.1/STM32CubeIDE/plugins/com.st.stm32cube.ide.mcu.externaltools.gnu-tools-for-stm32.12.3.rel1.win32_1.0.100.202403111256/tools/bin/../lib/gcc/arm-none-eabi/12.3.1/thumb/v8-m.main+fp/hard/crtn.o
 *(.fini)
 .fini          0x08005c54        0x4 C:/ST/STM32CubeIDE_1.15.1/STM32CubeIDE/plugins/com.st.stm32cube.ide.mcu.externaltools.gnu-tools-for-stm32.12.3.rel1.win32_1.0.100.202403111256/tools/bin/../lib/gcc/arm-none-eabi/12.3.1/thumb/v8-m.main+fp/hard/crti.o
                0x08005c54                _fini
 .fini          0x08005c58        0x8 C:/ST/STM32CubeIDE_1.15.1/STM32CubeIDE/plugins/com.st.stm32cube.ide.mcu.externaltools.gnu-tools-for-stm32.12.3.rel1.win32_1.0.100.202403111256/tools/bin/../lib/gcc/arm-none-eabi/12.3.1/thumb/v8-m.main+fp/hard/crtn.o
                0x08005c60                        . = ALIGN (0x4)
                0x08005c60                        _etext = .

.vfp11_veneer   0x08005c60        0x0
 .vfp11_veneer  0x08005c60        0x0 linker stubs

.v4_bx          0x08005c60        0x0
 .v4_bx         0x08005c60        0x0 linker stubs

.iplt           0x08005c60        0x0
 .iplt          0x08005c60        0x0 C:/ST/STM32CubeIDE_1.15.1/STM32CubeIDE/plugins/com.st.stm32cube.ide.mcu.externaltools.gnu-tools-for-stm32.12.3.rel1.win32_1.0.100.202403111256/tools/bin/../lib/gcc/arm-none-eabi/12.3.1/thumb/v8-m.main+fp/hard/crtbegin.o

.rodata         0x08005c60       0x10
                0x08005c60                        . = ALIGN (0x4)
 *(.rodata)
 *(.rodata*)
 .rodata.AHBPrescTable
                0x08005c60       0x10 ./Core/Src/system_stm32h5xx.o
                0x08005c60                AHBPrescTable
                0x08005c70                        . = ALIGN (0x4)

.ARM.extab      0x08005c70        0x0
                0x08005c70                        . = ALIGN (0x4)
 *(.ARM.extab* .gnu.linkonce.armextab.*)
                0x08005c70                        . = ALIGN (0x4)

.ARM            0x08005c70        0x0
                0x08005c70                        . = ALIGN (0x4)
                0x08005c70                        __exidx_start = .
 *(.ARM.exidx*)
                0x08005c70                        __exidx_end = .
                0x08005c70                        . = ALIGN (0x4)

.preinit_array  0x08005c70        0x0
                0x08005c70                        . = ALIGN (0x4)
                0x08005c70                        PROVIDE (__preinit_array_start = .)
 *(.preinit_array*)
                0x08005c70                        PROVIDE (__preinit_array_end = .)
                0x08005c70                        . = ALIGN (0x4)

.init_array     0x08005c70        0x4
                0x08005c70                        . = ALIGN (0x4)
                0x08005c70                        PROVIDE (__init_array_start = .)
 *(SORT_BY_NAME(.init_array.*))
 *(.init_array*)
 .init_array    0x08005c70        0x4 C:/ST/STM32CubeIDE_1.15.1/STM32CubeIDE/plugins/com.st.stm32cube.ide.mcu.externaltools.gnu-tools-for-stm32.12.3.rel1.win32_1.0.100.202403111256/tools/bin/../lib/gcc/arm-none-eabi/12.3.1/thumb/v8-m.main+fp/hard/crtbegin.o
                0x08005c74                        PROVIDE (__init_array_end = .)
                0x08005c74                        . = ALIGN (0x4)

.fini_array     0x08005c74        0x4
                0x08005c74                        . = ALIGN (0x4)
                [!provide]                        PROVIDE (__fini_array_start = .)
 *(SORT_BY_NAME(.fini_array.*))
 *(.fini_array*)
 .fini_array    0x08005c74        0x4 C:/ST/STM32CubeIDE_1.15.1/STM32CubeIDE/plugins/com.st.stm32cube.ide.mcu.externaltools.gnu-tools-for-stm32.12.3.rel1.win32_1.0.100.202403111256/tools/bin/../lib/gcc/arm-none-eabi/12.3.1/thumb/v8-m.main+fp/hard/crtbegin.o
                [!provide]                        PROVIDE (__fini_array_end = .)
                0x08005c78                        . = ALIGN (0x4)
                0x08005c78                        _sidata = LOADADDR (.data)

.rel.dyn        0x08005c78        0x0
 .rel.iplt      0x08005c78        0x0 C:/ST/STM32CubeIDE_1.15.1/STM32CubeIDE/plugins/com.st.stm32cube.ide.mcu.externaltools.gnu-tools-for-stm32.12.3.rel1.win32_1.0.100.202403111256/tools/bin/../lib/gcc/arm-none-eabi/12.3.1/thumb/v8-m.main+fp/hard/crtbegin.o

.data           0x20000000       0x10 load address 0x08005c78
                0x20000000                        . = ALIGN (0x4)
                0x20000000                        _sdata = .
 *(.data)
 *(.data*)
 .data.previousState.0
                0x20000000        0x1 ./Core/Src/main.o
 *fill*         0x20000001        0x3 
 .data.SystemCoreClock
                0x20000004        0x4 ./Core/Src/system_stm32h5xx.o
                0x20000004                SystemCoreClock
 .data.uwTickPrio
                0x20000008        0x4 ./Drivers/STM32H5xx_HAL_Driver/Src/stm32h5xx_hal.o
                0x20000008                uwTickPrio
 .data.uwTickFreq
                0x2000000c        0x1 ./Drivers/STM32H5xx_HAL_Driver/Src/stm32h5xx_hal.o
                0x2000000c                uwTickFreq
 *(.RamFunc)
 *(.RamFunc*)
                0x20000010                        . = ALIGN (0x4)
 *fill*         0x2000000d        0x3 
                0x20000010                        _edata = .

.igot.plt       0x20000010        0x0 load address 0x08005c88
 .igot.plt      0x20000010        0x0 C:/ST/STM32CubeIDE_1.15.1/STM32CubeIDE/plugins/com.st.stm32cube.ide.mcu.externaltools.gnu-tools-for-stm32.12.3.rel1.win32_1.0.100.202403111256/tools/bin/../lib/gcc/arm-none-eabi/12.3.1/thumb/v8-m.main+fp/hard/crtbegin.o
                0x20000010                        . = ALIGN (0x4)

.bss            0x20000010      0x134 load address 0x08005c88
                0x20000010                        _sbss = .
                0x20000010                        __bss_start__ = _sbss
 *(.bss)
 .bss           0x20000010       0x1c C:/ST/STM32CubeIDE_1.15.1/STM32CubeIDE/plugins/com.st.stm32cube.ide.mcu.externaltools.gnu-tools-for-stm32.12.3.rel1.win32_1.0.100.202403111256/tools/bin/../lib/gcc/arm-none-eabi/12.3.1/thumb/v8-m.main+fp/hard/crtbegin.o
 *(.bss*)
 .bss.hadc1     0x2000002c       0x68 ./Core/Src/main.o
                0x2000002c                hadc1
 .bss.hdac1     0x20000094       0x14 ./Core/Src/main.o
                0x20000094                hdac1
 .bss.hspi1     0x200000a8       0x90 ./Core/Src/main.o
                0x200000a8                hspi1
 .bss.ticks     0x20000138        0x4 ./Core/Src/main.o
                0x20000138                ticks
 .bss.error     0x2000013c        0x4 ./Core/pid_lib/PID.o
                0x2000013c                error
 .bss.uwTick    0x20000140        0x4 ./Drivers/STM32H5xx_HAL_Driver/Src/stm32h5xx_hal.o
                0x20000140                uwTick
 *(COMMON)
                0x20000144                        . = ALIGN (0x4)
                0x20000144                        _ebss = .
                0x20000144                        __bss_end__ = _ebss

._user_heap_stack
                0x20000144      0x604 load address 0x08005c88
                0x20000148                        . = ALIGN (0x8)
 *fill*         0x20000144        0x4 
                [!provide]                        PROVIDE (end = .)
                0x20000148                        PROVIDE (_end = .)
                0x20000348                        . = (. + _Min_Heap_Size)
 *fill*         0x20000148      0x200 
                0x20000748                        . = (. + _Min_Stack_Size)
 *fill*         0x20000348      0x400 
                0x20000748                        . = ALIGN (0x8)

/DISCARD/
 libc.a(*)
 libm.a(*)
 libgcc.a(*)

.ARM.attributes
                0x00000000       0x36
 *(.ARM.attributes)
 .ARM.attributes
                0x00000000       0x26 C:/ST/STM32CubeIDE_1.15.1/STM32CubeIDE/plugins/com.st.stm32cube.ide.mcu.externaltools.gnu-tools-for-stm32.12.3.rel1.win32_1.0.100.202403111256/tools/bin/../lib/gcc/arm-none-eabi/12.3.1/thumb/v8-m.main+fp/hard/crti.o
 .ARM.attributes
                0x00000026       0x38 C:/ST/STM32CubeIDE_1.15.1/STM32CubeIDE/plugins/com.st.stm32cube.ide.mcu.externaltools.gnu-tools-for-stm32.12.3.rel1.win32_1.0.100.202403111256/tools/bin/../lib/gcc/arm-none-eabi/12.3.1/thumb/v8-m.main+fp/hard/crtbegin.o
 .ARM.attributes
                0x0000005e       0x3a ./Core/Src/main.o
 .ARM.attributes
                0x00000098       0x3a ./Core/Src/stm32h5xx_hal_msp.o
 .ARM.attributes
                0x000000d2       0x3a ./Core/Src/stm32h5xx_it.o
 .ARM.attributes
                0x0000010c       0x3a ./Core/Src/system_stm32h5xx.o
 .ARM.attributes
                0x00000146       0x24 ./Core/Startup/startup_stm32h503cbtx.o
 .ARM.attributes
                0x0000016a       0x3a ./Core/pid_lib/PID.o
 .ARM.attributes
                0x000001a4       0x3a ./Drivers/STM32H5xx_HAL_Driver/Src/stm32h5xx_hal.o
 .ARM.attributes
                0x000001de       0x3a ./Drivers/STM32H5xx_HAL_Driver/Src/stm32h5xx_hal_adc.o
 .ARM.attributes
                0x00000218       0x3a ./Drivers/STM32H5xx_HAL_Driver/Src/stm32h5xx_hal_cortex.o
 .ARM.attributes
                0x00000252       0x3a ./Drivers/STM32H5xx_HAL_Driver/Src/stm32h5xx_hal_dac.o
 .ARM.attributes
                0x0000028c       0x3a ./Drivers/STM32H5xx_HAL_Driver/Src/stm32h5xx_hal_gpio.o
 .ARM.attributes
                0x000002c6       0x3a ./Drivers/STM32H5xx_HAL_Driver/Src/stm32h5xx_hal_icache.o
 .ARM.attributes
                0x00000300       0x3a ./Drivers/STM32H5xx_HAL_Driver/Src/stm32h5xx_hal_rcc.o
 .ARM.attributes
                0x0000033a       0x3a ./Drivers/STM32H5xx_HAL_Driver/Src/stm32h5xx_hal_rcc_ex.o
 .ARM.attributes
                0x00000374       0x3a ./Drivers/STM32H5xx_HAL_Driver/Src/stm32h5xx_hal_spi.o
 .ARM.attributes
                0x000003ae       0x38 C:/ST/STM32CubeIDE_1.15.1/STM32CubeIDE/plugins/com.st.stm32cube.ide.mcu.externaltools.gnu-tools-for-stm32.12.3.rel1.win32_1.0.100.202403111256/tools/bin/../lib/gcc/arm-none-eabi/12.3.1/../../../../arm-none-eabi/lib/thumb/v8-m.main+fp/hard\libc_nano.a(libc_a-memset.o)
 .ARM.attributes
                0x000003e6       0x38 C:/ST/STM32CubeIDE_1.15.1/STM32CubeIDE/plugins/com.st.stm32cube.ide.mcu.externaltools.gnu-tools-for-stm32.12.3.rel1.win32_1.0.100.202403111256/tools/bin/../lib/gcc/arm-none-eabi/12.3.1/../../../../arm-none-eabi/lib/thumb/v8-m.main+fp/hard\libc_nano.a(libc_a-init.o)
 .ARM.attributes
                0x0000041e       0x38 C:/ST/STM32CubeIDE_1.15.1/STM32CubeIDE/plugins/com.st.stm32cube.ide.mcu.externaltools.gnu-tools-for-stm32.12.3.rel1.win32_1.0.100.202403111256/tools/bin/../lib/gcc/arm-none-eabi/12.3.1/../../../../arm-none-eabi/lib/thumb/v8-m.main+fp/hard\libm.a(libm_a-s_round.o)
 .ARM.attributes
                0x00000456       0x26 C:/ST/STM32CubeIDE_1.15.1/STM32CubeIDE/plugins/com.st.stm32cube.ide.mcu.externaltools.gnu-tools-for-stm32.12.3.rel1.win32_1.0.100.202403111256/tools/bin/../lib/gcc/arm-none-eabi/12.3.1/thumb/v8-m.main+fp/hard\libgcc.a(_arm_addsubdf3.o)
 .ARM.attributes
                0x0000047c       0x26 C:/ST/STM32CubeIDE_1.15.1/STM32CubeIDE/plugins/com.st.stm32cube.ide.mcu.externaltools.gnu-tools-for-stm32.12.3.rel1.win32_1.0.100.202403111256/tools/bin/../lib/gcc/arm-none-eabi/12.3.1/thumb/v8-m.main+fp/hard\libgcc.a(_arm_muldivdf3.o)
 .ARM.attributes
                0x000004a2       0x26 C:/ST/STM32CubeIDE_1.15.1/STM32CubeIDE/plugins/com.st.stm32cube.ide.mcu.externaltools.gnu-tools-for-stm32.12.3.rel1.win32_1.0.100.202403111256/tools/bin/../lib/gcc/arm-none-eabi/12.3.1/thumb/v8-m.main+fp/hard\libgcc.a(_arm_fixunsdfsi.o)
 .ARM.attributes
                0x000004c8       0x26 C:/ST/STM32CubeIDE_1.15.1/STM32CubeIDE/plugins/com.st.stm32cube.ide.mcu.externaltools.gnu-tools-for-stm32.12.3.rel1.win32_1.0.100.202403111256/tools/bin/../lib/gcc/arm-none-eabi/12.3.1/thumb/v8-m.main+fp/hard\libgcc.a(_arm_truncdfsf2.o)
 .ARM.attributes
                0x000004ee       0x26 C:/ST/STM32CubeIDE_1.15.1/STM32CubeIDE/plugins/com.st.stm32cube.ide.mcu.externaltools.gnu-tools-for-stm32.12.3.rel1.win32_1.0.100.202403111256/tools/bin/../lib/gcc/arm-none-eabi/12.3.1/thumb/v8-m.main+fp/hard/crtn.o
OUTPUT(spi_for_pid.elf elf32-littlearm)
LOAD linker stubs
LOAD C:/ST/STM32CubeIDE_1.15.1/STM32CubeIDE/plugins/com.st.stm32cube.ide.mcu.externaltools.gnu-tools-for-stm32.12.3.rel1.win32_1.0.100.202403111256/tools/bin/../lib/gcc/arm-none-eabi/12.3.1/../../../../arm-none-eabi/lib/thumb/v8-m.main+fp/hard\libc.a
LOAD C:/ST/STM32CubeIDE_1.15.1/STM32CubeIDE/plugins/com.st.stm32cube.ide.mcu.externaltools.gnu-tools-for-stm32.12.3.rel1.win32_1.0.100.202403111256/tools/bin/../lib/gcc/arm-none-eabi/12.3.1/../../../../arm-none-eabi/lib/thumb/v8-m.main+fp/hard\libm.a
LOAD C:/ST/STM32CubeIDE_1.15.1/STM32CubeIDE/plugins/com.st.stm32cube.ide.mcu.externaltools.gnu-tools-for-stm32.12.3.rel1.win32_1.0.100.202403111256/tools/bin/../lib/gcc/arm-none-eabi/12.3.1/thumb/v8-m.main+fp/hard\libgcc.a

.debug_info     0x00000000     0xdc12
 .debug_info    0x00000000     0x1e5d ./Core/Src/main.o
 .debug_info    0x00001e5d     0x1837 ./Core/Src/stm32h5xx_hal_msp.o
 .debug_info    0x00003694      0x151 ./Core/Src/stm32h5xx_it.o
 .debug_info    0x000037e5      0xc0b ./Core/Src/system_stm32h5xx.o
 .debug_info    0x000043f0       0x30 ./Core/Startup/startup_stm32h503cbtx.o
 .debug_info    0x00004420      0x168 ./Core/pid_lib/PID.o
 .debug_info    0x00004588     0x1069 ./Drivers/STM32H5xx_HAL_Driver/Src/stm32h5xx_hal.o
 .debug_info    0x000055f1     0x229a ./Drivers/STM32H5xx_HAL_Driver/Src/stm32h5xx_hal_adc.o
 .debug_info    0x0000788b     0x1522 ./Drivers/STM32H5xx_HAL_Driver/Src/stm32h5xx_hal_cortex.o
 .debug_info    0x00008dad      0xf86 ./Drivers/STM32H5xx_HAL_Driver/Src/stm32h5xx_hal_dac.o
 .debug_info    0x00009d33      0x6aa ./Drivers/STM32H5xx_HAL_Driver/Src/stm32h5xx_hal_gpio.o
 .debug_info    0x0000a3dd      0x377 ./Drivers/STM32H5xx_HAL_Driver/Src/stm32h5xx_hal_icache.o
 .debug_info    0x0000a754      0xfdf ./Drivers/STM32H5xx_HAL_Driver/Src/stm32h5xx_hal_rcc.o
 .debug_info    0x0000b733      0xf52 ./Drivers/STM32H5xx_HAL_Driver/Src/stm32h5xx_hal_rcc_ex.o
 .debug_info    0x0000c685     0x158d ./Drivers/STM32H5xx_HAL_Driver/Src/stm32h5xx_hal_spi.o

.debug_abbrev   0x00000000     0x1df2
 .debug_abbrev  0x00000000      0x2e4 ./Core/Src/main.o
 .debug_abbrev  0x000002e4      0x221 ./Core/Src/stm32h5xx_hal_msp.o
 .debug_abbrev  0x00000505       0x9c ./Core/Src/stm32h5xx_it.o
 .debug_abbrev  0x000005a1      0x13a ./Core/Src/system_stm32h5xx.o
 .debug_abbrev  0x000006db       0x24 ./Core/Startup/startup_stm32h503cbtx.o
 .debug_abbrev  0x000006ff       0xed ./Core/pid_lib/PID.o
 .debug_abbrev  0x000007ec      0x2ac ./Drivers/STM32H5xx_HAL_Driver/Src/stm32h5xx_hal.o
 .debug_abbrev  0x00000a98      0x2b9 ./Drivers/STM32H5xx_HAL_Driver/Src/stm32h5xx_hal_adc.o
 .debug_abbrev  0x00000d51      0x311 ./Drivers/STM32H5xx_HAL_Driver/Src/stm32h5xx_hal_cortex.o
 .debug_abbrev  0x00001062      0x234 ./Drivers/STM32H5xx_HAL_Driver/Src/stm32h5xx_hal_dac.o
 .debug_abbrev  0x00001296      0x1db ./Drivers/STM32H5xx_HAL_Driver/Src/stm32h5xx_hal_gpio.o
 .debug_abbrev  0x00001471      0x1e4 ./Drivers/STM32H5xx_HAL_Driver/Src/stm32h5xx_hal_icache.o
 .debug_abbrev  0x00001655      0x28e ./Drivers/STM32H5xx_HAL_Driver/Src/stm32h5xx_hal_rcc.o
 .debug_abbrev  0x000018e3      0x25c ./Drivers/STM32H5xx_HAL_Driver/Src/stm32h5xx_hal_rcc_ex.o
 .debug_abbrev  0x00001b3f      0x2b3 ./Drivers/STM32H5xx_HAL_Driver/Src/stm32h5xx_hal_spi.o

.debug_aranges  0x00000000      0xbc0
 .debug_aranges
                0x00000000       0x70 ./Core/Src/main.o
 .debug_aranges
                0x00000070       0x50 ./Core/Src/stm32h5xx_hal_msp.o
 .debug_aranges
                0x000000c0       0x60 ./Core/Src/stm32h5xx_it.o
 .debug_aranges
                0x00000120       0x28 ./Core/Src/system_stm32h5xx.o
 .debug_aranges
                0x00000148       0x28 ./Core/Startup/startup_stm32h503cbtx.o
 .debug_aranges
                0x00000170       0x28 ./Core/pid_lib/PID.o
 .debug_aranges
                0x00000198      0x1a0 ./Drivers/STM32H5xx_HAL_Driver/Src/stm32h5xx_hal.o
 .debug_aranges
                0x00000338      0x248 ./Drivers/STM32H5xx_HAL_Driver/Src/stm32h5xx_hal_adc.o
 .debug_aranges
                0x00000580      0x140 ./Drivers/STM32H5xx_HAL_Driver/Src/stm32h5xx_hal_cortex.o
 .debug_aranges
                0x000006c0       0xc0 ./Drivers/STM32H5xx_HAL_Driver/Src/stm32h5xx_hal_dac.o
 .debug_aranges
                0x00000780       0x78 ./Drivers/STM32H5xx_HAL_Driver/Src/stm32h5xx_hal_gpio.o
 .debug_aranges
                0x000007f8       0x98 ./Drivers/STM32H5xx_HAL_Driver/Src/stm32h5xx_hal_icache.o
 .debug_aranges
                0x00000890       0xa0 ./Drivers/STM32H5xx_HAL_Driver/Src/stm32h5xx_hal_rcc.o
 .debug_aranges
                0x00000930       0xe8 ./Drivers/STM32H5xx_HAL_Driver/Src/stm32h5xx_hal_rcc_ex.o
 .debug_aranges
                0x00000a18      0x1a8 ./Drivers/STM32H5xx_HAL_Driver/Src/stm32h5xx_hal_spi.o

.debug_rnglists
                0x00000000      0x8c9
 .debug_rnglists
                0x00000000       0x55 ./Core/Src/main.o
 .debug_rnglists
                0x00000055       0x3a ./Core/Src/stm32h5xx_hal_msp.o
 .debug_rnglists
                0x0000008f       0x43 ./Core/Src/stm32h5xx_it.o
 .debug_rnglists
                0x000000d2       0x1b ./Core/Src/system_stm32h5xx.o
 .debug_rnglists
                0x000000ed       0x19 ./Core/Startup/startup_stm32h503cbtx.o
 .debug_rnglists
                0x00000106       0x1a ./Core/pid_lib/PID.o
 .debug_rnglists
                0x00000120      0x134 ./Drivers/STM32H5xx_HAL_Driver/Src/stm32h5xx_hal.o
 .debug_rnglists
                0x00000254      0x1c0 ./Drivers/STM32H5xx_HAL_Driver/Src/stm32h5xx_hal_adc.o
 .debug_rnglists
                0x00000414       0xec ./Drivers/STM32H5xx_HAL_Driver/Src/stm32h5xx_hal_cortex.o
 .debug_rnglists
                0x00000500       0x90 ./Drivers/STM32H5xx_HAL_Driver/Src/stm32h5xx_hal_dac.o
 .debug_rnglists
                0x00000590       0x57 ./Drivers/STM32H5xx_HAL_Driver/Src/stm32h5xx_hal_gpio.o
 .debug_rnglists
                0x000005e7       0x6d ./Drivers/STM32H5xx_HAL_Driver/Src/stm32h5xx_hal_icache.o
 .debug_rnglists
                0x00000654       0x79 ./Drivers/STM32H5xx_HAL_Driver/Src/stm32h5xx_hal_rcc.o
 .debug_rnglists
                0x000006cd       0xb4 ./Drivers/STM32H5xx_HAL_Driver/Src/stm32h5xx_hal_rcc_ex.o
 .debug_rnglists
                0x00000781      0x148 ./Drivers/STM32H5xx_HAL_Driver/Src/stm32h5xx_hal_spi.o

.debug_macro    0x00000000    0x20c14
 .debug_macro   0x00000000      0x2fc ./Core/Src/main.o
 .debug_macro   0x000002fc      0xaba ./Core/Src/main.o
 .debug_macro   0x00000db6      0x1d6 ./Core/Src/main.o
 .debug_macro   0x00000f8c       0x22 ./Core/Src/main.o
 .debug_macro   0x00000fae       0x5b ./Core/Src/main.o
 .debug_macro   0x00001009       0x2a ./Core/Src/main.o
 .debug_macro   0x00001033       0x94 ./Core/Src/main.o
 .debug_macro   0x000010c7       0x43 ./Core/Src/main.o
 .debug_macro   0x0000110a       0x34 ./Core/Src/main.o
 .debug_macro   0x0000113e      0x189 ./Core/Src/main.o
 .debug_macro   0x000012c7       0x16 ./Core/Src/main.o
 .debug_macro   0x000012dd       0x43 ./Core/Src/main.o
 .debug_macro   0x00001320       0x57 ./Core/Src/main.o
 .debug_macro   0x00001377       0x34 ./Core/Src/main.o
 .debug_macro   0x000013ab       0x10 ./Core/Src/main.o
 .debug_macro   0x000013bb       0x58 ./Core/Src/main.o
 .debug_macro   0x00001413       0x8e ./Core/Src/main.o
 .debug_macro   0x000014a1       0x1c ./Core/Src/main.o
 .debug_macro   0x000014bd      0x177 ./Core/Src/main.o
 .debug_macro   0x00001634      0x369 ./Core/Src/main.o
 .debug_macro   0x0000199d      0x19b ./Core/Src/main.o
 .debug_macro   0x00001b38       0x28 ./Core/Src/main.o
 .debug_macro   0x00001b60       0x42 ./Core/Src/main.o
 .debug_macro   0x00001ba2      0x103 ./Core/Src/main.o
 .debug_macro   0x00001ca5       0x6a ./Core/Src/main.o
 .debug_macro   0x00001d0f      0x1df ./Core/Src/main.o
 .debug_macro   0x00001eee       0x1c ./Core/Src/main.o
 .debug_macro   0x00001f0a       0x29 ./Core/Src/main.o
 .debug_macro   0x00001f33       0xfb ./Core/Src/main.o
 .debug_macro   0x0000202e     0x1685 ./Core/Src/main.o
 .debug_macro   0x000036b3       0x5e ./Core/Src/main.o
 .debug_macro   0x00003711    0x12007 ./Core/Src/main.o
 .debug_macro   0x00015718       0x6d ./Core/Src/main.o
 .debug_macro   0x00015785     0x3891 ./Core/Src/main.o
 .debug_macro   0x00019016       0x63 ./Core/Src/main.o
 .debug_macro   0x00019079     0x146a ./Core/Src/main.o
 .debug_macro   0x0001a4e3      0x75e ./Core/Src/main.o
 .debug_macro   0x0001ac41      0x166 ./Core/Src/main.o
 .debug_macro   0x0001ada7      0x1a6 ./Core/Src/main.o
 .debug_macro   0x0001af4d       0x6e ./Core/Src/main.o
 .debug_macro   0x0001afbb      0x527 ./Core/Src/main.o
 .debug_macro   0x0001b4e2      0x40f ./Core/Src/main.o
 .debug_macro   0x0001b8f1       0xd6 ./Core/Src/main.o
 .debug_macro   0x0001b9c7      0x1ce ./Core/Src/main.o
 .debug_macro   0x0001bb95      0xdd7 ./Core/Src/main.o
 .debug_macro   0x0001c96c      0x64e ./Core/Src/main.o
 .debug_macro   0x0001cfba      0x22c ./Core/Src/main.o
 .debug_macro   0x0001d1e6      0x199 ./Core/Src/main.o
 .debug_macro   0x0001d37f       0xde ./Core/Src/main.o
 .debug_macro   0x0001d45d      0x1c3 ./Core/Src/main.o
 .debug_macro   0x0001d620      0x4ef ./Core/Src/main.o
 .debug_macro   0x0001db0f       0x58 ./Core/Src/main.o
 .debug_macro   0x0001db67      0x272 ./Core/Src/main.o
 .debug_macro   0x0001ddd9      0x1a6 ./Core/Src/main.o
 .debug_macro   0x0001df7f      0x5cf ./Core/Src/main.o
 .debug_macro   0x0001e54e       0xd6 ./Core/Src/main.o
 .debug_macro   0x0001e624      0x20a ./Core/Src/main.o
 .debug_macro   0x0001e82e      0x31f ./Core/Src/main.o
 .debug_macro   0x0001eb4d      0x2aa ./Core/Src/stm32h5xx_hal_msp.o
 .debug_macro   0x0001edf7      0x2b4 ./Core/Src/stm32h5xx_it.o
 .debug_macro   0x0001f0ab      0x2a7 ./Core/Src/system_stm32h5xx.o
 .debug_macro   0x0001f352       0x1b ./Core/pid_lib/PID.o
 .debug_macro   0x0001f36d      0x2d0 ./Drivers/STM32H5xx_HAL_Driver/Src/stm32h5xx_hal.o
 .debug_macro   0x0001f63d      0x2bd ./Drivers/STM32H5xx_HAL_Driver/Src/stm32h5xx_hal_adc.o
 .debug_macro   0x0001f8fa      0x2a0 ./Drivers/STM32H5xx_HAL_Driver/Src/stm32h5xx_hal_cortex.o
 .debug_macro   0x0001fb9a      0x2b6 ./Drivers/STM32H5xx_HAL_Driver/Src/stm32h5xx_hal_dac.o
 .debug_macro   0x0001fe50      0x2d6 ./Drivers/STM32H5xx_HAL_Driver/Src/stm32h5xx_hal_gpio.o
 .debug_macro   0x00020126      0x2b8 ./Drivers/STM32H5xx_HAL_Driver/Src/stm32h5xx_hal_icache.o
 .debug_macro   0x000203de      0x2e2 ./Drivers/STM32H5xx_HAL_Driver/Src/stm32h5xx_hal_rcc.o
 .debug_macro   0x000206c0      0x2ac ./Drivers/STM32H5xx_HAL_Driver/Src/stm32h5xx_hal_rcc_ex.o
 .debug_macro   0x0002096c      0x2a8 ./Drivers/STM32H5xx_HAL_Driver/Src/stm32h5xx_hal_spi.o

.debug_line     0x00000000     0xe3e9
 .debug_line    0x00000000      0xbd9 ./Core/Src/main.o
 .debug_line    0x00000bd9      0x9f1 ./Core/Src/stm32h5xx_hal_msp.o
 .debug_line    0x000015ca      0x9a9 ./Core/Src/stm32h5xx_it.o
 .debug_line    0x00001f73      0xa55 ./Core/Src/system_stm32h5xx.o
 .debug_line    0x000029c8       0x77 ./Core/Startup/startup_stm32h503cbtx.o
 .debug_line    0x00002a3f      0x123 ./Core/pid_lib/PID.o
 .debug_line    0x00002b62      0xea5 ./Drivers/STM32H5xx_HAL_Driver/Src/stm32h5xx_hal.o
 .debug_line    0x00003a07     0x1fc8 ./Drivers/STM32H5xx_HAL_Driver/Src/stm32h5xx_hal_adc.o
 .debug_line    0x000059cf      0xf54 ./Drivers/STM32H5xx_HAL_Driver/Src/stm32h5xx_hal_cortex.o
 .debug_line    0x00006923     0x100b ./Drivers/STM32H5xx_HAL_Driver/Src/stm32h5xx_hal_dac.o
 .debug_line    0x0000792e      0xce0 ./Drivers/STM32H5xx_HAL_Driver/Src/stm32h5xx_hal_gpio.o
 .debug_line    0x0000860e      0xb1b ./Drivers/STM32H5xx_HAL_Driver/Src/stm32h5xx_hal_icache.o
 .debug_line    0x00009129     0x133f ./Drivers/STM32H5xx_HAL_Driver/Src/stm32h5xx_hal_rcc.o
 .debug_line    0x0000a468     0x1c1b ./Drivers/STM32H5xx_HAL_Driver/Src/stm32h5xx_hal_rcc_ex.o
 .debug_line    0x0000c083     0x2366 ./Drivers/STM32H5xx_HAL_Driver/Src/stm32h5xx_hal_spi.o

.debug_str      0x00000000    0xd27dc
 .debug_str     0x00000000    0xceca9 ./Core/Src/main.o
                              0xcf354 (size before relaxing)
 .debug_str     0x000ceca9      0x316 ./Core/Src/stm32h5xx_hal_msp.o
                              0xcef6d (size before relaxing)
 .debug_str     0x000cefbf       0xc9 ./Core/Src/stm32h5xx_it.o
                              0xcdfeb (size before relaxing)
 .debug_str     0x000cf088      0x2e9 ./Core/Src/system_stm32h5xx.o
                              0xce43e (size before relaxing)
 .debug_str     0x000cf371       0x44 ./Core/Startup/startup_stm32h503cbtx.o
                                 0x6e (size before relaxing)
 .debug_str     0x000cf3b5       0x23 ./Core/pid_lib/PID.o
                               0x2ed5 (size before relaxing)
 .debug_str     0x000cf3d8      0xd04 ./Drivers/STM32H5xx_HAL_Driver/Src/stm32h5xx_hal.o
                              0xcefb1 (size before relaxing)
 .debug_str     0x000d00dc      0xc3b ./Drivers/STM32H5xx_HAL_Driver/Src/stm32h5xx_hal_adc.o
                              0xcf39f (size before relaxing)
 .debug_str     0x000d0d17      0x404 ./Drivers/STM32H5xx_HAL_Driver/Src/stm32h5xx_hal_cortex.o
                              0xced1b (size before relaxing)
 .debug_str     0x000d111b      0x296 ./Drivers/STM32H5xx_HAL_Driver/Src/stm32h5xx_hal_dac.o
                              0xceaa7 (size before relaxing)
 .debug_str     0x000d13b1      0x2a3 ./Drivers/STM32H5xx_HAL_Driver/Src/stm32h5xx_hal_gpio.o
                              0xce31c (size before relaxing)
 .debug_str     0x000d1654      0x343 ./Drivers/STM32H5xx_HAL_Driver/Src/stm32h5xx_hal_icache.o
                              0xce2ce (size before relaxing)
 .debug_str     0x000d1997      0x376 ./Drivers/STM32H5xx_HAL_Driver/Src/stm32h5xx_hal_rcc.o
                              0xce97e (size before relaxing)
 .debug_str     0x000d1d0d      0x5b1 ./Drivers/STM32H5xx_HAL_Driver/Src/stm32h5xx_hal_rcc_ex.o
                              0xcead5 (size before relaxing)
 .debug_str     0x000d22be      0x51e ./Drivers/STM32H5xx_HAL_Driver/Src/stm32h5xx_hal_spi.o
                              0xcec04 (size before relaxing)

.comment        0x00000000       0x43
 .comment       0x00000000       0x43 ./Core/Src/main.o
                                 0x44 (size before relaxing)
 .comment       0x00000043       0x44 ./Core/Src/stm32h5xx_hal_msp.o
 .comment       0x00000043       0x44 ./Core/Src/stm32h5xx_it.o
 .comment       0x00000043       0x44 ./Core/Src/system_stm32h5xx.o
 .comment       0x00000043       0x44 ./Core/pid_lib/PID.o
 .comment       0x00000043       0x44 ./Drivers/STM32H5xx_HAL_Driver/Src/stm32h5xx_hal.o
 .comment       0x00000043       0x44 ./Drivers/STM32H5xx_HAL_Driver/Src/stm32h5xx_hal_adc.o
 .comment       0x00000043       0x44 ./Drivers/STM32H5xx_HAL_Driver/Src/stm32h5xx_hal_cortex.o
 .comment       0x00000043       0x44 ./Drivers/STM32H5xx_HAL_Driver/Src/stm32h5xx_hal_dac.o
 .comment       0x00000043       0x44 ./Drivers/STM32H5xx_HAL_Driver/Src/stm32h5xx_hal_gpio.o
 .comment       0x00000043       0x44 ./Drivers/STM32H5xx_HAL_Driver/Src/stm32h5xx_hal_icache.o
 .comment       0x00000043       0x44 ./Drivers/STM32H5xx_HAL_Driver/Src/stm32h5xx_hal_rcc.o
 .comment       0x00000043       0x44 ./Drivers/STM32H5xx_HAL_Driver/Src/stm32h5xx_hal_rcc_ex.o
 .comment       0x00000043       0x44 ./Drivers/STM32H5xx_HAL_Driver/Src/stm32h5xx_hal_spi.o

.debug_frame    0x00000000     0x31f4
 .debug_frame   0x00000000      0x17c ./Core/Src/main.o
 .debug_frame   0x0000017c      0x114 ./Core/Src/stm32h5xx_hal_msp.o
 .debug_frame   0x00000290      0x104 ./Core/Src/stm32h5xx_it.o
 .debug_frame   0x00000394       0x60 ./Core/Src/system_stm32h5xx.o
 .debug_frame   0x000003f4       0x60 ./Core/pid_lib/PID.o
 .debug_frame   0x00000454      0x66c ./Drivers/STM32H5xx_HAL_Driver/Src/stm32h5xx_hal.o
 .debug_frame   0x00000ac0      0xacc ./Drivers/STM32H5xx_HAL_Driver/Src/stm32h5xx_hal_adc.o
 .debug_frame   0x0000158c      0x560 ./Drivers/STM32H5xx_HAL_Driver/Src/stm32h5xx_hal_cortex.o
 .debug_frame   0x00001aec      0x33c ./Drivers/STM32H5xx_HAL_Driver/Src/stm32h5xx_hal_dac.o
 .debug_frame   0x00001e28      0x1ec ./Drivers/STM32H5xx_HAL_Driver/Src/stm32h5xx_hal_gpio.o
 .debug_frame   0x00002014      0x248 ./Drivers/STM32H5xx_HAL_Driver/Src/stm32h5xx_hal_icache.o
 .debug_frame   0x0000225c      0x264 ./Drivers/STM32H5xx_HAL_Driver/Src/stm32h5xx_hal_rcc.o
 .debug_frame   0x000024c0      0x3d0 ./Drivers/STM32H5xx_HAL_Driver/Src/stm32h5xx_hal_rcc_ex.o
 .debug_frame   0x00002890      0x7a8 ./Drivers/STM32H5xx_HAL_Driver/Src/stm32h5xx_hal_spi.o
 .debug_frame   0x00003038       0x20 C:/ST/STM32CubeIDE_1.15.1/STM32CubeIDE/plugins/com.st.stm32cube.ide.mcu.externaltools.gnu-tools-for-stm32.12.3.rel1.win32_1.0.100.202403111256/tools/bin/../lib/gcc/arm-none-eabi/12.3.1/../../../../arm-none-eabi/lib/thumb/v8-m.main+fp/hard\libc_nano.a(libc_a-memset.o)
 .debug_frame   0x00003058       0x2c C:/ST/STM32CubeIDE_1.15.1/STM32CubeIDE/plugins/com.st.stm32cube.ide.mcu.externaltools.gnu-tools-for-stm32.12.3.rel1.win32_1.0.100.202403111256/tools/bin/../lib/gcc/arm-none-eabi/12.3.1/../../../../arm-none-eabi/lib/thumb/v8-m.main+fp/hard\libc_nano.a(libc_a-init.o)
 .debug_frame   0x00003084       0x2c C:/ST/STM32CubeIDE_1.15.1/STM32CubeIDE/plugins/com.st.stm32cube.ide.mcu.externaltools.gnu-tools-for-stm32.12.3.rel1.win32_1.0.100.202403111256/tools/bin/../lib/gcc/arm-none-eabi/12.3.1/../../../../arm-none-eabi/lib/thumb/v8-m.main+fp/hard\libm.a(libm_a-s_round.o)
 .debug_frame   0x000030b0       0xac C:/ST/STM32CubeIDE_1.15.1/STM32CubeIDE/plugins/com.st.stm32cube.ide.mcu.externaltools.gnu-tools-for-stm32.12.3.rel1.win32_1.0.100.202403111256/tools/bin/../lib/gcc/arm-none-eabi/12.3.1/thumb/v8-m.main+fp/hard\libgcc.a(_arm_addsubdf3.o)
 .debug_frame   0x0000315c       0x50 C:/ST/STM32CubeIDE_1.15.1/STM32CubeIDE/plugins/com.st.stm32cube.ide.mcu.externaltools.gnu-tools-for-stm32.12.3.rel1.win32_1.0.100.202403111256/tools/bin/../lib/gcc/arm-none-eabi/12.3.1/thumb/v8-m.main+fp/hard\libgcc.a(_arm_muldivdf3.o)
 .debug_frame   0x000031ac       0x24 C:/ST/STM32CubeIDE_1.15.1/STM32CubeIDE/plugins/com.st.stm32cube.ide.mcu.externaltools.gnu-tools-for-stm32.12.3.rel1.win32_1.0.100.202403111256/tools/bin/../lib/gcc/arm-none-eabi/12.3.1/thumb/v8-m.main+fp/hard\libgcc.a(_arm_fixunsdfsi.o)
 .debug_frame   0x000031d0       0x24 C:/ST/STM32CubeIDE_1.15.1/STM32CubeIDE/plugins/com.st.stm32cube.ide.mcu.externaltools.gnu-tools-for-stm32.12.3.rel1.win32_1.0.100.202403111256/tools/bin/../lib/gcc/arm-none-eabi/12.3.1/thumb/v8-m.main+fp/hard\libgcc.a(_arm_truncdfsf2.o)

.debug_line_str
                0x00000000       0x52
 .debug_line_str
                0x00000000       0x52 ./Core/Startup/startup_stm32h503cbtx.o
