../Core/Src/main.c:90:7:AD7683_Read	16	static
../Core/Src/main.c:103:7:ADC_Read	16	static
../Core/Src/main.c:115:6:DAC_Write	24	static
../Core/Src/main.c:128:5:main	80	static
../Core/Src/main.c:209:6:SystemClock_Config	120	static
../Core/Src/main.c:267:13:MX_ADC1_Init	40	static
../Core/Src/main.c:326:13:MX_DAC1_Init	56	static
../Core/Src/main.c:372:13:MX_ICACHE_Init	8	static
../Core/Src/main.c:400:13:MX_SPI1_Init	8	static
../Core/Src/main.c:448:13:MX_GPIO_Init	40	static
../Core/Src/main.c:487:6:Error_Handler	4	static,ignoring_inline_asm
