../Core/Src/main.c:88:7:AD7683_Read	16	static
../Core/Src/main.c:101:7:ADC_Read	16	static
../Core/Src/main.c:111:6:DAC_Write	24	static
../Core/Src/main.c:125:5:main	80	static
../Core/Src/main.c:206:6:SystemClock_Config	120	static
../Core/Src/main.c:264:13:MX_ADC1_Init	40	static
../Core/Src/main.c:323:13:MX_DAC1_Init	56	static
../Core/Src/main.c:369:13:MX_ICACHE_Init	8	static
../Core/Src/main.c:397:13:MX_SPI1_Init	8	static
../Core/Src/main.c:445:13:MX_GPIO_Init	40	static
../Core/Src/main.c:484:6:Error_Handler	4	static,ignoring_inline_asm
